[47160:31072:0818/123843.301:WARNING:chrome\browser\extensions\activity_log\activity_log_policy.cc:71] Scheduling init
[47160:31072:0818/123843.305:WARNING:chrome\browser\extensions\activity_log\activity_log_policy.cc:71] Scheduling init
[47160:31072:0818/123843.498:WARNING:components\signin\internal\identity_manager\account_fetcher_service.cc:250] Edge does not support fetching account capabilities
[47160:31072:0818/123843.499:WARNING:components\signin\internal\identity_manager\account_fetcher_service.cc:211] Should not execute: Tests depending on this function may fail
[47160:31072:0818/123843.888:INFO:CONSOLE:0] "Access to manifest at 'file:///C:/Users/DanSeligman/Downloads/lennon-lounge-v2/audit_tmp/public/manifest.json' from origin 'null' has been blocked by CORS policy: Cross origin requests are only supported for protocol schemes: chrome-extension, chrome-untrusted, data, edge, http, https, isolated-app.", source: file:///C:/Users/DanSeligman/Downloads/lennon-lounge-v2/audit_tmp/audit1.html (0)
[47160:31072:0818/123843.904:INFO:CONSOLE:4956] "[ProtocolLaunch] handler constructed; wiring port events.", source: chrome-extension://ndcpkimcihhghdcddljkfmmjccdmcmof/background.rollup.js (4956)
[47160:31072:0818/123843.906:INFO:CONSOLE:0] "Tracking Prevention blocked access to storage for https://www.gstatic.com/firebasejs/9.23.0/firebase-app-compat.js.", source: file:///C:/Users/DanSeligman/Downloads/lennon-lounge-v2/audit_tmp/audit1.html (0)
[47160:31072:0818/123843.906:INFO:CONSOLE:0] "Tracking Prevention blocked access to storage for https://www.gstatic.com/firebasejs/9.23.0/firebase-app-compat.js.", source: file:///C:/Users/DanSeligman/Downloads/lennon-lounge-v2/audit_tmp/audit1.html (0)
[47160:31072:0818/123843.906:INFO:CONSOLE:0] "Tracking Prevention blocked access to storage for https://www.gstatic.com/firebasejs/9.23.0/firebase-app-compat.js.", source: file:///C:/Users/DanSeligman/Downloads/lennon-lounge-v2/audit_tmp/audit1.html (0)
[47160:31072:0818/123843.906:INFO:CONSOLE:0] "Tracking Prevention blocked access to storage for https://www.gstatic.com/firebasejs/9.23.0/firebase-app-compat.js.", source: file:///C:/Users/DanSeligman/Downloads/lennon-lounge-v2/audit_tmp/audit1.html (0)
[47160:31072:0818/123843.906:INFO:CONSOLE:0] "Tracking Prevention blocked access to storage for https://www.gstatic.com/firebasejs/9.23.0/firebase-database-compat.js.", source: file:///C:/Users/DanSeligman/Downloads/lennon-lounge-v2/audit_tmp/audit1.html (0)
[47160:31072:0818/123843.906:INFO:CONSOLE:0] "Tracking Prevention blocked access to storage for https://www.gstatic.com/firebasejs/9.23.0/firebase-database-compat.js.", source: file:///C:/Users/DanSeligman/Downloads/lennon-lounge-v2/audit_tmp/audit1.html (0)
[47160:31072:0818/123843.906:INFO:CONSOLE:0] "Tracking Prevention blocked access to storage for https://www.gstatic.com/firebasejs/9.23.0/firebase-database-compat.js.", source: file:///C:/Users/DanSeligman/Downloads/lennon-lounge-v2/audit_tmp/audit1.html (0)
[47160:31072:0818/123843.906:INFO:CONSOLE:0] "Tracking Prevention blocked access to storage for https://www.gstatic.com/firebasejs/9.23.0/firebase-database-compat.js.", source: file:///C:/Users/DanSeligman/Downloads/lennon-lounge-v2/audit_tmp/audit1.html (0)
[47160:31072:0818/123844.236:ERROR:chrome\browser\task_manager\providers\fallback_task_provider.cc:126] Every renderer should have at least one task provided by a primary task provider. If a "Renderer" fallback task is shown, it is a bug. If you have repro steps, please file a new bug and tag it as a dependency of crbug.com/40528867.
[47160:31072:0818/123844.323:INFO:CONSOLE:4092] "AUDIT_ERROR::Cannot read properties of undefined (reading 'stake')::TypeError: Cannot read properties of undefined (reading 'stake')
    at betCard (file:///C:/Users/DanSeligman/Downloads/lennon-lounge-v2/audit_tmp/audit1.html:2156:95)
    at file:///C:/Users/DanSeligman/Downloads/lennon-lounge-v2/audit_tmp/audit1.html:2280:37
    at Array.map (<anonymous>)
    at vMyBets (file:///C:/Users/DanSeligman/Downloads/lennon-lounge-v2/audit_tmp/audit1.html:2280:30)
    at render (file:///C:/Users/DanSeligman/Downloads/lennon-lounge-v2/audit_tmp/audit1.html:3969:56)
    at go (file:///C:/Users/DanSeligman/Downloads/lennon-lounge-v2/audit_tmp/audit1.html:4011:34)
    at file:///C:/Users/DanSeligman/Downloads/lennon-lounge-v2/audit_tmp/audit1.html:4081:7
    at Array.forEach (<anonymous>)
    at file:///C:/Users/DanSeligman/Downloads/lennon-lounge-v2/audit_tmp/audit1.html:4080:17", source: file:///C:/Users/DanSeligman/Downloads/lennon-lounge-v2/audit_tmp/audit1.html (4092)
[47160:31072:0818/123844.343:INFO:CONSOLE:1] "[2026-08-18T11:38:45.527Z]  @firebase/database: FIREBASE WARNING: Exception was thrown by user callback. TypeError: Cannot read properties of undefined (reading 'stake')
    at betCard (file:///C:/Users/DanSeligman/Downloads/lennon-lounge-v2/audit_tmp/audit1.html:2156:95)
    at file:///C:/Users/DanSeligman/Downloads/lennon-lounge-v2/audit_tmp/audit1.html:2280:37
    at Array.map (<anonymous>)
    at vMyBets (file:///C:/Users/DanSeligman/Downloads/lennon-lounge-v2/audit_tmp/audit1.html:2280:30)
    at render (file:///C:/Users/DanSeligman/Downloads/lennon-lounge-v2/audit_tmp/audit1.html:3969:56)
    at file:///C:/Users/DanSeligman/Downloads/lennon-lounge-v2/audit_tmp/audit1.html:719:13
    at o (https://www.gstatic.com/firebasejs/9.23.0/firebase-database-compat.js:1:155581)
    at ds.onValue (https://www.gstatic.com/firebasejs/9.23.0/firebase-database-compat.js:1:134129)
    at https://www.gstatic.com/firebasejs/9.23.0/firebase-database-compat.js:1:141176
    at Pe (https://www.gstatic.com/firebasejs/9.23.0/firebase-database-compat.js:1:18047) ", source: https://www.gstatic.com/firebasejs/9.23.0/firebase-database-compat.js (1)
[47160:31072:0818/123844.343:INFO:CONSOLE:1] "Uncaught TypeError: Cannot read properties of undefined (reading 'stake')", source: https://www.gstatic.com/firebasejs/9.23.0/firebase-database-compat.js (1)
[47160:42980:0818/123844.520:WARNING:components\sync\engine\syncer_proto_util.cc:669] Error posting from syncer: Response Code (bogus on error): -1 Content-Length (bogus on error): -1 X-AFS-Tracking:  Server Status: CONNECTION_UNAVAILABLE
[47160:42980:0818/123844.520:ERROR:components\sync\engine\get_updates_processor.cc:424] PostClientToServerMessage() failed during GetUpdates with error Network error (ERR_ABORTED)
